// Jest Snapshot v1, https://goo.gl/fbAQLP

exports[`<ExampleScreen /> Container tests should render and match the snapshot 1`] = `undefined`;
