// Jest Snapshot v1, https://goo.gl/fbAQLP

exports[`<HomeScreen /> container should render and match the snapshot 1`] = `undefined`;
