// Jest Snapshot v1, https://goo.gl/fbAQLP

exports[`<SimpsonsLoveWednesday /> Should render and match the snapshot 1`] = `undefined`;
