// Jest Snapshot v1, https://goo.gl/fbAQLP

exports[`<SplashScreen /> should render and match the snapshot 1`] = `undefined`;
