// Jest Snapshot v1, https://goo.gl/fbAQLP

exports[`<CharacterWithQuote /> Should render and match the snapshot 1`] = `undefined`;
