// Jest Snapshot v1, https://goo.gl/fbAQLP

exports[`<LogoWithInstructions /> Should render and match the snapshot 1`] = `undefined`;
